Note: Could not load saved token: 'charmap' codec can't encode character '\u2705' in position 0: character maps to <undefined>
python : Traceback (most recent call last):
At line:1 char:1
+ python test_performance_analytics.py > test_output.txt 2>&1; Get-Cont ...
+ ~~~~~~~~~~~~~~~~~~~~~~~~~~~~~~~~~~~~~~~~~~~~~~~~~~~~~~~~~~~
    + CategoryInfo          : NotSpecified: (Traceback (most recent call last)::St 
   ring) [], RemoteException
    + FullyQualifiedErrorId : NativeCommandError
 
  File "C:\Users\MY 
PC\Desktop\Mahesh\Arise\backend\test_performance_analytics.py", line 11, in 
<module>
    from app.services.performance_analytics import PerformanceAnalytics
  File "C:\Users\MY 
PC\Desktop\Mahesh\Arise\backend\app\services\performance_analytics.py", line 13, 
in <module>
    from ..services.chart_data_service import chart_data_service
  File "C:\Users\MY 
PC\Desktop\Mahesh\Arise\backend\app\services\chart_data_service.py", line 36, in 
<module>
    from .zerodha_service import zerodha_service, KITE_AVAILABLE
  File "C:\Users\MY 
PC\Desktop\Mahesh\Arise\backend\app\services\zerodha_service.py", line 476, in 
<module>
    zerodha_service = ZerodhaService()
  File "C:\Users\MY 
PC\Desktop\Mahesh\Arise\backend\app\services\zerodha_service.py", line 66, in 
__init__
    print(f"\u2705 Zerodha service initialized (not authenticated yet)")
    ~~~~~^^^^^^^^^^^^^^^^^^^^^^^^^^^^^^^^^^^^^^^^^^^^^^^^^^^^^^^^^^^
  File "C:\Python313\Lib\encodings\cp1252.py", line 19, in encode
    return codecs.charmap_encode(input,self.errors,encoding_table)[0]
           ~~~~~~~~~~~~~~~~~~~~~^^^^^^^^^^^^^^^^^^^^^^^^^^^^^^^^^^
UnicodeEncodeError: 'charmap' codec can't encode character '\u2705' in position 0: 
character maps to <undefined>
